// Jest Snapshot v1, https://goo.gl/fbAQLP

exports[`<Profile /> matches sanpshot 1`] = `
<Profile
  name="JAEMO KOO"
  userName="goodjam"
>
  <div>
    <b>
      goodjam
    </b>
    <span>
      (
      JAEMO KOO
      )
    </span>
  </div>
</Profile>
`;
